Configured modules: 85
Selected modules: 85
Already succeeded: 1
Pending: 84
Campaign state: /Users/pgt01/IRYCIS/psynthea-validation/runs/module-scientific-campaign-p10/campaign_state.json
[1/84] acute_myeloid_leukemia (attempt 1) ... SUCCEEDED (5.53s, log=/Users/pgt01/IRYCIS/psynthea-validation/runs/module-scientific-campaign-p10/logs/acute_myeloid_leukemia/attempt-01.log)
[2/84] AIS_From_School_Screening_to_SOSORT_Recommendations (attempt 1) ... SUCCEEDED (5.04s, log=/Users/pgt01/IRYCIS/psynthea-validation/runs/module-scientific-campaign-p10/logs/ais_from_school_screening_to_sosort_recommendations/attempt-01.log)
[3/84] allergic_rhinitis (attempt 1) ... SUCCEEDED (5.08s, log=/Users/pgt01/IRYCIS/psynthea-validation/runs/module-scientific-campaign-p10/logs/allergic_rhinitis/attempt-01.log)
[4/84] allergies (attempt 1) ... SUCCEEDED (5.08s, log=/Users/pgt01/IRYCIS/psynthea-validation/runs/module-scientific-campaign-p10/logs/allergies/attempt-01.log)
[5/84] anemia___unknown_etiology (attempt 1) ... SUCCEEDED (5.43s, log=/Users/pgt01/IRYCIS/psynthea-validation/runs/module-scientific-campaign-p10/logs/anemia___unknown_etiology/attempt-01.log)
[6/84] appendicitis (attempt 1) ... SUCCEEDED (5.49s, log=/Users/pgt01/IRYCIS/psynthea-validation/runs/module-scientific-campaign-p10/logs/appendicitis/attempt-01.log)
[7/84] asthma (attempt 1) ... SUCCEEDED (5.25s, log=/Users/pgt01/IRYCIS/psynthea-validation/runs/module-scientific-campaign-p10/logs/asthma/attempt-01.log)
[8/84] atopy (attempt 1) ... SUCCEEDED (5.09s, log=/Users/pgt01/IRYCIS/psynthea-validation/runs/module-scientific-campaign-p10/logs/atopy/attempt-01.log)
[9/84] atrial_fibrillation (attempt 1) ... SUCCEEDED (5.17s, log=/Users/pgt01/IRYCIS/psynthea-validation/runs/module-scientific-campaign-p10/logs/atrial_fibrillation/attempt-01.log)
[10/84] attention_deficit_disorder (attempt 1) ... SUCCEEDED (4.91s, log=/Users/pgt01/IRYCIS/psynthea-validation/runs/module-scientific-campaign-p10/logs/attention_deficit_disorder/attempt-01.log)
[11/84] bone_marrow_transplant (attempt 1) ... SUCCEEDED (5.12s, log=/Users/pgt01/IRYCIS/psynthea-validation/runs/module-scientific-campaign-p10/logs/bone_marrow_transplant/attempt-01.log)
[12/84] breast_cancer (attempt 1) ... SUCCEEDED (5.37s, log=/Users/pgt01/IRYCIS/psynthea-validation/runs/module-scientific-campaign-p10/logs/breast_cancer/attempt-01.log)
[13/84] bronchitis (attempt 1) ... SUCCEEDED (5.50s, log=/Users/pgt01/IRYCIS/psynthea-validation/runs/module-scientific-campaign-p10/logs/bronchitis/attempt-01.log)
[14/84] cerebral_palsy (attempt 1) ... SUCCEEDED (4.98s, log=/Users/pgt01/IRYCIS/psynthea-validation/runs/module-scientific-campaign-p10/logs/cerebral_palsy/attempt-01.log)
[15/84] chronic_kidney_disease (attempt 1) ... SUCCEEDED (5.06s, log=/Users/pgt01/IRYCIS/psynthea-validation/runs/module-scientific-campaign-p10/logs/chronic_kidney_disease/attempt-01.log)
[16/84] colorectal_cancer (attempt 1) ... SUCCEEDED (5.59s, log=/Users/pgt01/IRYCIS/psynthea-validation/runs/module-scientific-campaign-p10/logs/colorectal_cancer/attempt-01.log)
[17/84] congestive_heart_failure (attempt 1) ... SUCCEEDED (6.32s, log=/Users/pgt01/IRYCIS/psynthea-validation/runs/module-scientific-campaign-p10/logs/congestive_heart_failure/attempt-01.log)
[18/84] contraceptive_maintenance (attempt 1) ... SUCCEEDED (4.99s, log=/Users/pgt01/IRYCIS/psynthea-validation/runs/module-scientific-campaign-p10/logs/contraceptive_maintenance/attempt-01.log)
[19/84] contraceptives (attempt 1) ... SUCCEEDED (4.91s, log=/Users/pgt01/IRYCIS/psynthea-validation/runs/module-scientific-campaign-p10/logs/contraceptives/attempt-01.log)
[20/84] copd (attempt 1) ... SUCCEEDED (5.15s, log=/Users/pgt01/IRYCIS/psynthea-validation/runs/module-scientific-campaign-p10/logs/copd/attempt-01.log)
[21/84] covid19 (attempt 1) ... SUCCEEDED (39.19s, log=/Users/pgt01/IRYCIS/psynthea-validation/runs/module-scientific-campaign-p10/logs/covid19/attempt-01.log)
[22/84] cystic_fibrosis (attempt 1) ... SUCCEEDED (5.51s, log=/Users/pgt01/IRYCIS/psynthea-validation/runs/module-scientific-campaign-p10/logs/cystic_fibrosis/attempt-01.log)
[23/84] dementia (attempt 1) ... SUCCEEDED (5.05s, log=/Users/pgt01/IRYCIS/psynthea-validation/runs/module-scientific-campaign-p10/logs/dementia/attempt-01.log)
[24/84] dental_and_oral_examination (attempt 1) ... SUCCEEDED (5.09s, log=/Users/pgt01/IRYCIS/psynthea-validation/runs/module-scientific-campaign-p10/logs/dental_and_oral_examination/attempt-01.log)
[25/84] dentures (attempt 1) ... SUCCEEDED (5.07s, log=/Users/pgt01/IRYCIS/psynthea-validation/runs/module-scientific-campaign-p10/logs/dentures/attempt-01.log)
[26/84] dermatitis (attempt 1) ... SUCCEEDED (4.93s, log=/Users/pgt01/IRYCIS/psynthea-validation/runs/module-scientific-campaign-p10/logs/dermatitis/attempt-01.log)
[27/84] diabetic_retinopathy_treatment (attempt 1) ... SUCCEEDED (5.33s, log=/Users/pgt01/IRYCIS/psynthea-validation/runs/module-scientific-campaign-p10/logs/diabetic_retinopathy_treatment/attempt-01.log)
[28/84] dialysis (attempt 1) ... SUCCEEDED (5.54s, log=/Users/pgt01/IRYCIS/psynthea-validation/runs/module-scientific-campaign-p10/logs/dialysis/attempt-01.log)
[29/84] ear_infections (attempt 1) ... SUCCEEDED (4.98s, log=/Users/pgt01/IRYCIS/psynthea-validation/runs/module-scientific-campaign-p10/logs/ear_infections/attempt-01.log)
[30/84] epilepsy (attempt 1) ... SUCCEEDED (5.32s, log=/Users/pgt01/IRYCIS/psynthea-validation/runs/module-scientific-campaign-p10/logs/epilepsy/attempt-01.log)
[31/84] female_reproduction (attempt 1) ... SUCCEEDED (4.87s, log=/Users/pgt01/IRYCIS/psynthea-validation/runs/module-scientific-campaign-p10/logs/female_reproduction/attempt-01.log)
[32/84] fibromyalgia (attempt 1) ... SUCCEEDED (4.93s, log=/Users/pgt01/IRYCIS/psynthea-validation/runs/module-scientific-campaign-p10/logs/fibromyalgia/attempt-01.log)
[33/84] food_allergies (attempt 1) ... SUCCEEDED (5.03s, log=/Users/pgt01/IRYCIS/psynthea-validation/runs/module-scientific-campaign-p10/logs/food_allergies/attempt-01.log)
[34/84] gallstones (attempt 1) ... SUCCEEDED (4.88s, log=/Users/pgt01/IRYCIS/psynthea-validation/runs/module-scientific-campaign-p10/logs/gallstones/attempt-01.log)
[35/84] gout (attempt 1) ... SUCCEEDED (4.85s, log=/Users/pgt01/IRYCIS/psynthea-validation/runs/module-scientific-campaign-p10/logs/gout/attempt-01.log)
[36/84] hiv_care (attempt 1) ... SUCCEEDED (4.99s, log=/Users/pgt01/IRYCIS/psynthea-validation/runs/module-scientific-campaign-p10/logs/hiv_care/attempt-01.log)
[37/84] hiv_diagnosis (attempt 1) ... SUCCEEDED (5.07s, log=/Users/pgt01/IRYCIS/psynthea-validation/runs/module-scientific-campaign-p10/logs/hiv_diagnosis/attempt-01.log)
[38/84] home_health_treatment (attempt 1) ... SUCCEEDED (5.10s, log=/Users/pgt01/IRYCIS/psynthea-validation/runs/module-scientific-campaign-p10/logs/home_health_treatment/attempt-01.log)
[39/84] home_hospice_snf (attempt 1) ... SUCCEEDED (5.01s, log=/Users/pgt01/IRYCIS/psynthea-validation/runs/module-scientific-campaign-p10/logs/home_hospice_snf/attempt-01.log)
[40/84] homelessness (attempt 1) ... SUCCEEDED (5.00s, log=/Users/pgt01/IRYCIS/psynthea-validation/runs/module-scientific-campaign-p10/logs/homelessness/attempt-01.log)
[41/84] hospice_treatment (attempt 1) ... SUCCEEDED (5.06s, log=/Users/pgt01/IRYCIS/psynthea-validation/runs/module-scientific-campaign-p10/logs/hospice_treatment/attempt-01.log)
[42/84] hypothyroidism (attempt 1) ... SUCCEEDED (4.97s, log=/Users/pgt01/IRYCIS/psynthea-validation/runs/module-scientific-campaign-p10/logs/hypothyroidism/attempt-01.log)
[43/84] injuries (attempt 1) ... SUCCEEDED (6.13s, log=/Users/pgt01/IRYCIS/psynthea-validation/runs/module-scientific-campaign-p10/logs/injuries/attempt-01.log)
[44/84] kidney_transplant (attempt 1) ... SUCCEEDED (5.01s, log=/Users/pgt01/IRYCIS/psynthea-validation/runs/module-scientific-campaign-p10/logs/kidney_transplant/attempt-01.log)
[45/84] lung_cancer (attempt 1) ... SUCCEEDED (5.38s, log=/Users/pgt01/IRYCIS/psynthea-validation/runs/module-scientific-campaign-p10/logs/lung_cancer/attempt-01.log)
[46/84] lupus (attempt 1) ... SUCCEEDED (4.92s, log=/Users/pgt01/IRYCIS/psynthea-validation/runs/module-scientific-campaign-p10/logs/lupus/attempt-01.log)
[47/84] med_rec (attempt 1) ... SUCCEEDED (5.31s, log=/Users/pgt01/IRYCIS/psynthea-validation/runs/module-scientific-campaign-p10/logs/med_rec/attempt-01.log)
[48/84] mend_program (attempt 1) ... SUCCEEDED (4.98s, log=/Users/pgt01/IRYCIS/psynthea-validation/runs/module-scientific-campaign-p10/logs/mend_program/attempt-01.log)
[49/84] metabolic_syndrome_care (attempt 1) ... SUCCEEDED (4.96s, log=/Users/pgt01/IRYCIS/psynthea-validation/runs/module-scientific-campaign-p10/logs/metabolic_syndrome_care/attempt-01.log)
[50/84] metabolic_syndrome_disease (attempt 1) ... SUCCEEDED (4.94s, log=/Users/pgt01/IRYCIS/psynthea-validation/runs/module-scientific-campaign-p10/logs/metabolic_syndrome_disease/attempt-01.log)
[51/84] mTBI (attempt 1) ... SUCCEEDED (4.93s, log=/Users/pgt01/IRYCIS/psynthea-validation/runs/module-scientific-campaign-p10/logs/mtbi/attempt-01.log)
[52/84] myocardial_infarction (attempt 1) ... SUCCEEDED (5.28s, log=/Users/pgt01/IRYCIS/psynthea-validation/runs/module-scientific-campaign-p10/logs/myocardial_infarction/attempt-01.log)
[53/84] opioid_addiction (attempt 1) ... SUCCEEDED (5.25s, log=/Users/pgt01/IRYCIS/psynthea-validation/runs/module-scientific-campaign-p10/logs/opioid_addiction/attempt-01.log)
[54/84] osteoarthritis (attempt 1) ... SUCCEEDED (5.03s, log=/Users/pgt01/IRYCIS/psynthea-validation/runs/module-scientific-campaign-p10/logs/osteoarthritis/attempt-01.log)
[55/84] osteoporosis (attempt 1) ... SUCCEEDED (5.31s, log=/Users/pgt01/IRYCIS/psynthea-validation/runs/module-scientific-campaign-p10/logs/osteoporosis/attempt-01.log)
[56/84] pregnancy (attempt 1) ... SUCCEEDED (4.98s, log=/Users/pgt01/IRYCIS/psynthea-validation/runs/module-scientific-campaign-p10/logs/pregnancy/attempt-01.log)
[57/84] prescribing_opioids_for_chronic_pain_and_treatment_of_oud (attempt 1) ... SUCCEEDED (5.66s, log=/Users/pgt01/IRYCIS/psynthea-validation/runs/module-scientific-campaign-p10/logs/prescribing_opioids_for_chronic_pain_and_treatment_of_oud/attempt-01.log)
[58/84] rheumatoid_arthritis (attempt 1) ... SUCCEEDED (5.03s, log=/Users/pgt01/IRYCIS/psynthea-validation/runs/module-scientific-campaign-p10/logs/rheumatoid_arthritis/attempt-01.log)
[59/84] self_harm (attempt 1) ... SUCCEEDED (4.91s, log=/Users/pgt01/IRYCIS/psynthea-validation/runs/module-scientific-campaign-p10/logs/self_harm/attempt-01.log)
[60/84] sepsis (attempt 1) ... SUCCEEDED (4.96s, log=/Users/pgt01/IRYCIS/psynthea-validation/runs/module-scientific-campaign-p10/logs/sepsis/attempt-01.log)
[61/84] sexual_activity (attempt 1) ... SUCCEEDED (4.98s, log=/Users/pgt01/IRYCIS/psynthea-validation/runs/module-scientific-campaign-p10/logs/sexual_activity/attempt-01.log)
[62/84] sinusitis (attempt 1) ... SUCCEEDED (5.49s, log=/Users/pgt01/IRYCIS/psynthea-validation/runs/module-scientific-campaign-p10/logs/sinusitis/attempt-01.log)
[63/84] sleep_apnea (attempt 1) ... SUCCEEDED (4.97s, log=/Users/pgt01/IRYCIS/psynthea-validation/runs/module-scientific-campaign-p10/logs/sleep_apnea/attempt-01.log)
[64/84] sore_throat (attempt 1) ... SUCCEEDED (5.39s, log=/Users/pgt01/IRYCIS/psynthea-validation/runs/module-scientific-campaign-p10/logs/sore_throat/attempt-01.log)
[65/84] spina_bifida (attempt 1) ... SUCCEEDED (4.92s, log=/Users/pgt01/IRYCIS/psynthea-validation/runs/module-scientific-campaign-p10/logs/spina_bifida/attempt-01.log)
[66/84] stable_ischemic_heart_disease (attempt 1) ... SUCCEEDED (5.23s, log=/Users/pgt01/IRYCIS/psynthea-validation/runs/module-scientific-campaign-p10/logs/stable_ischemic_heart_disease/attempt-01.log)
[67/84] stroke (attempt 1) ... SUCCEEDED (5.03s, log=/Users/pgt01/IRYCIS/psynthea-validation/runs/module-scientific-campaign-p10/logs/stroke/attempt-01.log)
[68/84] total_joint_replacement (attempt 1) ... SUCCEEDED (5.18s, log=/Users/pgt01/IRYCIS/psynthea-validation/runs/module-scientific-campaign-p10/logs/total_joint_replacement/attempt-01.log)
[69/84] trigger_bone_marrow_transplant (attempt 1) ... SUCCEEDED (5.00s, log=/Users/pgt01/IRYCIS/psynthea-validation/runs/module-scientific-campaign-p10/logs/trigger_bone_marrow_transplant/attempt-01.log)
[70/84] urinary_tract_infections (attempt 1) ... SUCCEEDED (6.15s, log=/Users/pgt01/IRYCIS/psynthea-validation/runs/module-scientific-campaign-p10/logs/urinary_tract_infections/attempt-01.log)
[71/84] veteran (attempt 1) ... SUCCEEDED (5.26s, log=/Users/pgt01/IRYCIS/psynthea-validation/runs/module-scientific-campaign-p10/logs/veteran/attempt-01.log)
[72/84] veteran_hyperlipidemia (attempt 1) ... SUCCEEDED (5.15s, log=/Users/pgt01/IRYCIS/psynthea-validation/runs/module-scientific-campaign-p10/logs/veteran_hyperlipidemia/attempt-01.log)
[73/84] veteran_lung_cancer (attempt 1) ... SUCCEEDED (5.08s, log=/Users/pgt01/IRYCIS/psynthea-validation/runs/module-scientific-campaign-p10/logs/veteran_lung_cancer/attempt-01.log)
[74/84] veteran_mdd (attempt 1) ... SUCCEEDED (5.09s, log=/Users/pgt01/IRYCIS/psynthea-validation/runs/module-scientific-campaign-p10/logs/veteran_mdd/attempt-01.log)
[75/84] veteran_prostate_cancer (attempt 1) ... SUCCEEDED (5.12s, log=/Users/pgt01/IRYCIS/psynthea-validation/runs/module-scientific-campaign-p10/logs/veteran_prostate_cancer/attempt-01.log)
[76/84] veteran_ptsd (attempt 1) ... SUCCEEDED (4.92s, log=/Users/pgt01/IRYCIS/psynthea-validation/runs/module-scientific-campaign-p10/logs/veteran_ptsd/attempt-01.log)
[77/84] veteran_self_harm (attempt 1) ... SUCCEEDED (4.98s, log=/Users/pgt01/IRYCIS/psynthea-validation/runs/module-scientific-campaign-p10/logs/veteran_self_harm/attempt-01.log)
[78/84] veteran_substance_abuse_conditions (attempt 1) ... SUCCEEDED (4.96s, log=/Users/pgt01/IRYCIS/psynthea-validation/runs/module-scientific-campaign-p10/logs/veteran_substance_abuse_conditions/attempt-01.log)
[79/84] veteran_substance_abuse_treatment (attempt 1) ... SUCCEEDED (4.98s, log=/Users/pgt01/IRYCIS/psynthea-validation/runs/module-scientific-campaign-p10/logs/veteran_substance_abuse_treatment/attempt-01.log)
[80/84] vhd_aortic (attempt 1) ... SUCCEEDED (5.11s, log=/Users/pgt01/IRYCIS/psynthea-validation/runs/module-scientific-campaign-p10/logs/vhd_aortic/attempt-01.log)
[81/84] vhd_mitral (attempt 1) ... SUCCEEDED (4.97s, log=/Users/pgt01/IRYCIS/psynthea-validation/runs/module-scientific-campaign-p10/logs/vhd_mitral/attempt-01.log)
[82/84] vhd_pulmonic (attempt 1) ... SUCCEEDED (4.92s, log=/Users/pgt01/IRYCIS/psynthea-validation/runs/module-scientific-campaign-p10/logs/vhd_pulmonic/attempt-01.log)
[83/84] vhd_tricuspid (attempt 1) ... SUCCEEDED (5.01s, log=/Users/pgt01/IRYCIS/psynthea-validation/runs/module-scientific-campaign-p10/logs/vhd_tricuspid/attempt-01.log)
[84/84] wellness_encounters (attempt 1) ... SUCCEEDED (5.20s, log=/Users/pgt01/IRYCIS/psynthea-validation/runs/module-scientific-campaign-p10/logs/wellness_encounters/attempt-01.log)

Campaign summary
Succeeded: 85/85
Failed in this invocation: 0
Configured modules: 85
Selected modules: 85
Already succeeded: 85
Pending: 0
Campaign state: /Users/pgt01/IRYCIS/psynthea-validation/runs/module-scientific-campaign-p10/campaign_state.json

Campaign summary
Succeeded: 85/85
Failed in this invocation: 0
