Configured modules: 85
Selected modules: 85
Already succeeded: 0
Pending: 85
Campaign state: /Users/pgt01/IRYCIS/psynthea-validation/runs/module-scientific-campaign-p100/campaign_state.json
[1/85] acute_myeloid_leukemia (attempt 1) ... SUCCEEDED (32.45s, log=/Users/pgt01/IRYCIS/psynthea-validation/runs/module-scientific-campaign-p100/logs/acute_myeloid_leukemia/attempt-01.log)
[2/85] AIS_From_School_Screening_to_SOSORT_Recommendations (attempt 1) ... SUCCEEDED (36.53s, log=/Users/pgt01/IRYCIS/psynthea-validation/runs/module-scientific-campaign-p100/logs/ais_from_school_screening_to_sosort_recommendations/attempt-01.log)
[3/85] allergic_rhinitis (attempt 1) ... SUCCEEDED (20.20s, log=/Users/pgt01/IRYCIS/psynthea-validation/runs/module-scientific-campaign-p100/logs/allergic_rhinitis/attempt-01.log)
[4/85] allergies (attempt 1) ... SUCCEEDED (11.34s, log=/Users/pgt01/IRYCIS/psynthea-validation/runs/module-scientific-campaign-p100/logs/allergies/attempt-01.log)
[5/85] anemia___unknown_etiology (attempt 1) ... SUCCEEDED (10.47s, log=/Users/pgt01/IRYCIS/psynthea-validation/runs/module-scientific-campaign-p100/logs/anemia___unknown_etiology/attempt-01.log)
[6/85] appendicitis (attempt 1) ... SUCCEEDED (11.27s, log=/Users/pgt01/IRYCIS/psynthea-validation/runs/module-scientific-campaign-p100/logs/appendicitis/attempt-01.log)
[7/85] asthma (attempt 1) ... SUCCEEDED (11.24s, log=/Users/pgt01/IRYCIS/psynthea-validation/runs/module-scientific-campaign-p100/logs/asthma/attempt-01.log)
[8/85] atopy (attempt 1) ... SUCCEEDED (10.77s, log=/Users/pgt01/IRYCIS/psynthea-validation/runs/module-scientific-campaign-p100/logs/atopy/attempt-01.log)
[9/85] atrial_fibrillation (attempt 1) ... SUCCEEDED (10.77s, log=/Users/pgt01/IRYCIS/psynthea-validation/runs/module-scientific-campaign-p100/logs/atrial_fibrillation/attempt-01.log)
[10/85] attention_deficit_disorder (attempt 1) ... SUCCEEDED (10.42s, log=/Users/pgt01/IRYCIS/psynthea-validation/runs/module-scientific-campaign-p100/logs/attention_deficit_disorder/attempt-01.log)
[11/85] bone_marrow_transplant (attempt 1) ... SUCCEEDED (11.17s, log=/Users/pgt01/IRYCIS/psynthea-validation/runs/module-scientific-campaign-p100/logs/bone_marrow_transplant/attempt-01.log)
[12/85] breast_cancer (attempt 1) ... FAILED (11.26s, log=/Users/pgt01/IRYCIS/psynthea-validation/runs/module-scientific-campaign-p100/logs/breast_cancer/attempt-01.log)
[12/85] breast_cancer (attempt 2) ... FAILED (11.36s, log=/Users/pgt01/IRYCIS/psynthea-validation/runs/module-scientific-campaign-p100/logs/breast_cancer/attempt-02.log)
[13/85] bronchitis (attempt 1) ... SUCCEEDED (11.76s, log=/Users/pgt01/IRYCIS/psynthea-validation/runs/module-scientific-campaign-p100/logs/bronchitis/attempt-01.log)
[14/85] cerebral_palsy (attempt 1) ... SUCCEEDED (10.61s, log=/Users/pgt01/IRYCIS/psynthea-validation/runs/module-scientific-campaign-p100/logs/cerebral_palsy/attempt-01.log)
[15/85] chronic_kidney_disease (attempt 1) ... SUCCEEDED (11.89s, log=/Users/pgt01/IRYCIS/psynthea-validation/runs/module-scientific-campaign-p100/logs/chronic_kidney_disease/attempt-01.log)
[16/85] colorectal_cancer (attempt 1) ... FAILED (11.35s, log=/Users/pgt01/IRYCIS/psynthea-validation/runs/module-scientific-campaign-p100/logs/colorectal_cancer/attempt-01.log)
[16/85] colorectal_cancer (attempt 2) ... FAILED (11.58s, log=/Users/pgt01/IRYCIS/psynthea-validation/runs/module-scientific-campaign-p100/logs/colorectal_cancer/attempt-02.log)
[17/85] congestive_heart_failure (attempt 1) ... FAILED (12.75s, log=/Users/pgt01/IRYCIS/psynthea-validation/runs/module-scientific-campaign-p100/logs/congestive_heart_failure/attempt-01.log)
[17/85] congestive_heart_failure (attempt 2) ... FAILED (12.39s, log=/Users/pgt01/IRYCIS/psynthea-validation/runs/module-scientific-campaign-p100/logs/congestive_heart_failure/attempt-02.log)
[18/85] contraceptive_maintenance (attempt 1) ... SUCCEEDED (10.89s, log=/Users/pgt01/IRYCIS/psynthea-validation/runs/module-scientific-campaign-p100/logs/contraceptive_maintenance/attempt-01.log)
[19/85] contraceptives (attempt 1) ... SUCCEEDED (10.64s, log=/Users/pgt01/IRYCIS/psynthea-validation/runs/module-scientific-campaign-p100/logs/contraceptives/attempt-01.log)
[20/85] copd (attempt 1) ... SUCCEEDED (12.62s, log=/Users/pgt01/IRYCIS/psynthea-validation/runs/module-scientific-campaign-p100/logs/copd/attempt-01.log)
[21/85] covid19 (attempt 1) ... SUCCEEDED (293.66s, log=/Users/pgt01/IRYCIS/psynthea-validation/runs/module-scientific-campaign-p100/logs/covid19/attempt-01.log)
[22/85] cystic_fibrosis (attempt 1) ... SUCCEEDED (10.76s, log=/Users/pgt01/IRYCIS/psynthea-validation/runs/module-scientific-campaign-p100/logs/cystic_fibrosis/attempt-01.log)
[23/85] dementia (attempt 1) ... SUCCEEDED (11.09s, log=/Users/pgt01/IRYCIS/psynthea-validation/runs/module-scientific-campaign-p100/logs/dementia/attempt-01.log)
[24/85] dental_and_oral_examination (attempt 1) ... SUCCEEDED (11.89s, log=/Users/pgt01/IRYCIS/psynthea-validation/runs/module-scientific-campaign-p100/logs/dental_and_oral_examination/attempt-01.log)
[25/85] dentures (attempt 1) ... SUCCEEDED (11.73s, log=/Users/pgt01/IRYCIS/psynthea-validation/runs/module-scientific-campaign-p100/logs/dentures/attempt-01.log)
[26/85] dermatitis (attempt 1) ... SUCCEEDED (9.92s, log=/Users/pgt01/IRYCIS/psynthea-validation/runs/module-scientific-campaign-p100/logs/dermatitis/attempt-01.log)
[27/85] diabetic_retinopathy_treatment (attempt 1) ... SUCCEEDED (11.53s, log=/Users/pgt01/IRYCIS/psynthea-validation/runs/module-scientific-campaign-p100/logs/diabetic_retinopathy_treatment/attempt-01.log)
[28/85] dialysis (attempt 1) ... SUCCEEDED (12.98s, log=/Users/pgt01/IRYCIS/psynthea-validation/runs/module-scientific-campaign-p100/logs/dialysis/attempt-01.log)
[29/85] ear_infections (attempt 1) ... SUCCEEDED (12.38s, log=/Users/pgt01/IRYCIS/psynthea-validation/runs/module-scientific-campaign-p100/logs/ear_infections/attempt-01.log)
[30/85] epilepsy (attempt 1) ... FAILED (11.14s, log=/Users/pgt01/IRYCIS/psynthea-validation/runs/module-scientific-campaign-p100/logs/epilepsy/attempt-01.log)
[30/85] epilepsy (attempt 2) ... FAILED (11.17s, log=/Users/pgt01/IRYCIS/psynthea-validation/runs/module-scientific-campaign-p100/logs/epilepsy/attempt-02.log)
[31/85] female_reproduction (attempt 1) ... SUCCEEDED (10.50s, log=/Users/pgt01/IRYCIS/psynthea-validation/runs/module-scientific-campaign-p100/logs/female_reproduction/attempt-01.log)
[32/85] fibromyalgia (attempt 1) ... SUCCEEDED (9.97s, log=/Users/pgt01/IRYCIS/psynthea-validation/runs/module-scientific-campaign-p100/logs/fibromyalgia/attempt-01.log)
[33/85] food_allergies (attempt 1) ... SUCCEEDED (10.62s, log=/Users/pgt01/IRYCIS/psynthea-validation/runs/module-scientific-campaign-p100/logs/food_allergies/attempt-01.log)
[34/85] gallstones (attempt 1) ... SUCCEEDED (10.94s, log=/Users/pgt01/IRYCIS/psynthea-validation/runs/module-scientific-campaign-p100/logs/gallstones/attempt-01.log)
[35/85] gout (attempt 1) ... SUCCEEDED (10.75s, log=/Users/pgt01/IRYCIS/psynthea-validation/runs/module-scientific-campaign-p100/logs/gout/attempt-01.log)
[36/85] hiv_care (attempt 1) ... SUCCEEDED (11.28s, log=/Users/pgt01/IRYCIS/psynthea-validation/runs/module-scientific-campaign-p100/logs/hiv_care/attempt-01.log)
[37/85] hiv_diagnosis (attempt 1) ... SUCCEEDED (12.46s, log=/Users/pgt01/IRYCIS/psynthea-validation/runs/module-scientific-campaign-p100/logs/hiv_diagnosis/attempt-01.log)
[38/85] home_health_treatment (attempt 1) ... SUCCEEDED (12.07s, log=/Users/pgt01/IRYCIS/psynthea-validation/runs/module-scientific-campaign-p100/logs/home_health_treatment/attempt-01.log)
[39/85] home_hospice_snf (attempt 1) ... SUCCEEDED (11.20s, log=/Users/pgt01/IRYCIS/psynthea-validation/runs/module-scientific-campaign-p100/logs/home_hospice_snf/attempt-01.log)
[40/85] homelessness (attempt 1) ... SUCCEEDED (11.11s, log=/Users/pgt01/IRYCIS/psynthea-validation/runs/module-scientific-campaign-p100/logs/homelessness/attempt-01.log)
[41/85] hospice_treatment (attempt 1) ... SUCCEEDED (12.02s, log=/Users/pgt01/IRYCIS/psynthea-validation/runs/module-scientific-campaign-p100/logs/hospice_treatment/attempt-01.log)
[42/85] hypertension (attempt 1) ... SUCCEEDED (11.08s, log=/Users/pgt01/IRYCIS/psynthea-validation/runs/module-scientific-campaign-p100/logs/hypertension/attempt-01.log)
[43/85] hypothyroidism (attempt 1) ... SUCCEEDED (11.01s, log=/Users/pgt01/IRYCIS/psynthea-validation/runs/module-scientific-campaign-p100/logs/hypothyroidism/attempt-01.log)
[44/85] injuries (attempt 1) ... FAILED (13.49s, log=/Users/pgt01/IRYCIS/psynthea-validation/runs/module-scientific-campaign-p100/logs/injuries/attempt-01.log)
[44/85] injuries (attempt 2) ... FAILED (15.27s, log=/Users/pgt01/IRYCIS/psynthea-validation/runs/module-scientific-campaign-p100/logs/injuries/attempt-02.log)
[45/85] kidney_transplant (attempt 1) ... SUCCEEDED (13.79s, log=/Users/pgt01/IRYCIS/psynthea-validation/runs/module-scientific-campaign-p100/logs/kidney_transplant/attempt-01.log)
[46/85] lung_cancer (attempt 1) ... SUCCEEDED (12.44s, log=/Users/pgt01/IRYCIS/psynthea-validation/runs/module-scientific-campaign-p100/logs/lung_cancer/attempt-01.log)
[47/85] lupus (attempt 1) ... SUCCEEDED (11.54s, log=/Users/pgt01/IRYCIS/psynthea-validation/runs/module-scientific-campaign-p100/logs/lupus/attempt-01.log)
[48/85] med_rec (attempt 1) ... SUCCEEDED (12.65s, log=/Users/pgt01/IRYCIS/psynthea-validation/runs/module-scientific-campaign-p100/logs/med_rec/attempt-01.log)
[49/85] mend_program (attempt 1) ... SUCCEEDED (11.30s, log=/Users/pgt01/IRYCIS/psynthea-validation/runs/module-scientific-campaign-p100/logs/mend_program/attempt-01.log)
[50/85] metabolic_syndrome_care (attempt 1) ... SUCCEEDED (10.93s, log=/Users/pgt01/IRYCIS/psynthea-validation/runs/module-scientific-campaign-p100/logs/metabolic_syndrome_care/attempt-01.log)
[51/85] metabolic_syndrome_disease (attempt 1) ... SUCCEEDED (11.76s, log=/Users/pgt01/IRYCIS/psynthea-validation/runs/module-scientific-campaign-p100/logs/metabolic_syndrome_disease/attempt-01.log)
[52/85] mTBI (attempt 1) ... SUCCEEDED (11.19s, log=/Users/pgt01/IRYCIS/psynthea-validation/runs/module-scientific-campaign-p100/logs/mtbi/attempt-01.log)
[53/85] myocardial_infarction (attempt 1) ... SUCCEEDED (11.35s, log=/Users/pgt01/IRYCIS/psynthea-validation/runs/module-scientific-campaign-p100/logs/myocardial_infarction/attempt-01.log)
[54/85] opioid_addiction (attempt 1) ... FAILED (13.82s, log=/Users/pgt01/IRYCIS/psynthea-validation/runs/module-scientific-campaign-p100/logs/opioid_addiction/attempt-01.log)
[54/85] opioid_addiction (attempt 2) ... FAILED (12.77s, log=/Users/pgt01/IRYCIS/psynthea-validation/runs/module-scientific-campaign-p100/logs/opioid_addiction/attempt-02.log)
[55/85] osteoarthritis (attempt 1) ... SUCCEEDED (12.96s, log=/Users/pgt01/IRYCIS/psynthea-validation/runs/module-scientific-campaign-p100/logs/osteoarthritis/attempt-01.log)
[56/85] osteoporosis (attempt 1) ... SUCCEEDED (12.04s, log=/Users/pgt01/IRYCIS/psynthea-validation/runs/module-scientific-campaign-p100/logs/osteoporosis/attempt-01.log)
[57/85] pregnancy (attempt 1) ... SUCCEEDED (10.80s, log=/Users/pgt01/IRYCIS/psynthea-validation/runs/module-scientific-campaign-p100/logs/pregnancy/attempt-01.log)
[58/85] prescribing_opioids_for_chronic_pain_and_treatment_of_oud (attempt 1) ... SUCCEEDED (14.30s, log=/Users/pgt01/IRYCIS/psynthea-validation/runs/module-scientific-campaign-p100/logs/prescribing_opioids_for_chronic_pain_and_treatment_of_oud/attempt-01.log)
[59/85] rheumatoid_arthritis (attempt 1) ... SUCCEEDED (11.43s, log=/Users/pgt01/IRYCIS/psynthea-validation/runs/module-scientific-campaign-p100/logs/rheumatoid_arthritis/attempt-01.log)
[60/85] self_harm (attempt 1) ... SUCCEEDED (11.10s, log=/Users/pgt01/IRYCIS/psynthea-validation/runs/module-scientific-campaign-p100/logs/self_harm/attempt-01.log)
[61/85] sepsis (attempt 1) ... SUCCEEDED (12.54s, log=/Users/pgt01/IRYCIS/psynthea-validation/runs/module-scientific-campaign-p100/logs/sepsis/attempt-01.log)
[62/85] sexual_activity (attempt 1) ... SUCCEEDED (12.35s, log=/Users/pgt01/IRYCIS/psynthea-validation/runs/module-scientific-campaign-p100/logs/sexual_activity/attempt-01.log)
[63/85] sinusitis (attempt 1) ... SUCCEEDED (12.28s, log=/Users/pgt01/IRYCIS/psynthea-validation/runs/module-scientific-campaign-p100/logs/sinusitis/attempt-01.log)
[64/85] sleep_apnea (attempt 1) ... SUCCEEDED (11.44s, log=/Users/pgt01/IRYCIS/psynthea-validation/runs/module-scientific-campaign-p100/logs/sleep_apnea/attempt-01.log)
[65/85] sore_throat (attempt 1) ... SUCCEEDED (11.13s, log=/Users/pgt01/IRYCIS/psynthea-validation/runs/module-scientific-campaign-p100/logs/sore_throat/attempt-01.log)
[66/85] spina_bifida (attempt 1) ... SUCCEEDED (9.98s, log=/Users/pgt01/IRYCIS/psynthea-validation/runs/module-scientific-campaign-p100/logs/spina_bifida/attempt-01.log)
[67/85] stable_ischemic_heart_disease (attempt 1) ... SUCCEEDED (11.29s, log=/Users/pgt01/IRYCIS/psynthea-validation/runs/module-scientific-campaign-p100/logs/stable_ischemic_heart_disease/attempt-01.log)
[68/85] stroke (attempt 1) ... SUCCEEDED (10.89s, log=/Users/pgt01/IRYCIS/psynthea-validation/runs/module-scientific-campaign-p100/logs/stroke/attempt-01.log)
[69/85] total_joint_replacement (attempt 1) ... SUCCEEDED (11.92s, log=/Users/pgt01/IRYCIS/psynthea-validation/runs/module-scientific-campaign-p100/logs/total_joint_replacement/attempt-01.log)
[70/85] trigger_bone_marrow_transplant (attempt 1) ... SUCCEEDED (10.66s, log=/Users/pgt01/IRYCIS/psynthea-validation/runs/module-scientific-campaign-p100/logs/trigger_bone_marrow_transplant/attempt-01.log)
[71/85] urinary_tract_infections (attempt 1) ... SUCCEEDED (12.81s, log=/Users/pgt01/IRYCIS/psynthea-validation/runs/module-scientific-campaign-p100/logs/urinary_tract_infections/attempt-01.log)
[72/85] veteran (attempt 1) ... SUCCEEDED (11.30s, log=/Users/pgt01/IRYCIS/psynthea-validation/runs/module-scientific-campaign-p100/logs/veteran/attempt-01.log)
[73/85] veteran_hyperlipidemia (attempt 1) ... SUCCEEDED (12.02s, log=/Users/pgt01/IRYCIS/psynthea-validation/runs/module-scientific-campaign-p100/logs/veteran_hyperlipidemia/attempt-01.log)
[74/85] veteran_lung_cancer (attempt 1) ... SUCCEEDED (11.93s, log=/Users/pgt01/IRYCIS/psynthea-validation/runs/module-scientific-campaign-p100/logs/veteran_lung_cancer/attempt-01.log)
[75/85] veteran_mdd (attempt 1) ... SUCCEEDED (11.63s, log=/Users/pgt01/IRYCIS/psynthea-validation/runs/module-scientific-campaign-p100/logs/veteran_mdd/attempt-01.log)
[76/85] veteran_prostate_cancer (attempt 1) ... SUCCEEDED (11.56s, log=/Users/pgt01/IRYCIS/psynthea-validation/runs/module-scientific-campaign-p100/logs/veteran_prostate_cancer/attempt-01.log)
[77/85] veteran_ptsd (attempt 1) ... SUCCEEDED (10.68s, log=/Users/pgt01/IRYCIS/psynthea-validation/runs/module-scientific-campaign-p100/logs/veteran_ptsd/attempt-01.log)
[78/85] veteran_self_harm (attempt 1) ... SUCCEEDED (11.04s, log=/Users/pgt01/IRYCIS/psynthea-validation/runs/module-scientific-campaign-p100/logs/veteran_self_harm/attempt-01.log)
[79/85] veteran_substance_abuse_conditions (attempt 1) ... SUCCEEDED (10.88s, log=/Users/pgt01/IRYCIS/psynthea-validation/runs/module-scientific-campaign-p100/logs/veteran_substance_abuse_conditions/attempt-01.log)
[80/85] veteran_substance_abuse_treatment (attempt 1) ... SUCCEEDED (10.84s, log=/Users/pgt01/IRYCIS/psynthea-validation/runs/module-scientific-campaign-p100/logs/veteran_substance_abuse_treatment/attempt-01.log)
[81/85] vhd_aortic (attempt 1) ... SUCCEEDED (11.31s, log=/Users/pgt01/IRYCIS/psynthea-validation/runs/module-scientific-campaign-p100/logs/vhd_aortic/attempt-01.log)
[82/85] vhd_mitral (attempt 1) ... SUCCEEDED (11.50s, log=/Users/pgt01/IRYCIS/psynthea-validation/runs/module-scientific-campaign-p100/logs/vhd_mitral/attempt-01.log)
[83/85] vhd_pulmonic (attempt 1) ... SUCCEEDED (10.34s, log=/Users/pgt01/IRYCIS/psynthea-validation/runs/module-scientific-campaign-p100/logs/vhd_pulmonic/attempt-01.log)
[84/85] vhd_tricuspid (attempt 1) ... SUCCEEDED (10.83s, log=/Users/pgt01/IRYCIS/psynthea-validation/runs/module-scientific-campaign-p100/logs/vhd_tricuspid/attempt-01.log)
[85/85] wellness_encounters (attempt 1) ... SUCCEEDED (12.67s, log=/Users/pgt01/IRYCIS/psynthea-validation/runs/module-scientific-campaign-p100/logs/wellness_encounters/attempt-01.log)

Campaign summary
Succeeded: 79/85
Failed in this invocation: 6
Failed modules: breast_cancer, colorectal_cancer, congestive_heart_failure, epilepsy, injuries, opioid_addiction
