Traceback (most recent call last):
  File "/Users/pgt01/IRYCIS/psynthea-validation/.venv/bin/psynthea", line 6, in <module>
    sys.exit(main())
             ^^^^^^
  File "/Users/pgt01/IRYCIS/psynthea/src/psynthea/cli.py", line 143, in main
    return args.func(args)
           ^^^^^^^^^^^^^^^
  File "/Users/pgt01/IRYCIS/psynthea/src/psynthea/cli.py", line 37, in _cmd_generate
    modules = _resolve_modules(args.module, args.module_file, Path(args.modules_dir))
              ^^^^^^^^^^^^^^^^^^^^^^^^^^^^^^^^^^^^^^^^^^^^^^^^^^^^^^^^^^^^^^^^^^^^^^^
  File "/Users/pgt01/IRYCIS/psynthea/src/psynthea/cli.py", line 30, in _resolve_modules
    modules.append(load_module_file(modules_dir / f"{name}.json"))
                   ^^^^^^^^^^^^^^^^^^^^^^^^^^^^^^^^^^^^^^^^^^^^^^
  File "/Users/pgt01/IRYCIS/psynthea/src/psynthea/compat/synthea_json.py", line 356, in load_module_file
    with path.open(encoding="utf-8") as fh:
         ^^^^^^^^^^^^^^^^^^^^^^^^^^^
  File "/Users/pgt01/miniforge3/lib/python3.12/pathlib.py", line 1013, in open
    return io.open(self, mode, buffering, encoding, errors, newline)
           ^^^^^^^^^^^^^^^^^^^^^^^^^^^^^^^^^^^^^^^^^^^^^^^^^^^^^^^^^
FileNotFoundError: [Errno 2] No such file or directory: '/Users/pgt01/IRYCIS/psynthea/src/psynthea/data/modules/hypertension.json'
