> Task :versionTxt
> Task :compileJava UP-TO-DATE
> Task :processResources UP-TO-DATE
> Task :classes UP-TO-DATE

> Task :run
Scanned 90 modules and 157 submodules.
Loading submodule modules/allergies/allergy_panel.json
Loading submodule modules/allergies/drug_allergy_incidence.json
Loading submodule modules/allergies/environmental_allergy_incidence.json
Loading submodule modules/allergies/food_allergy_incidence.json
Loading submodule modules/allergies/immunotherapy.json
Loading submodule modules/allergies/outgrow_env_allergies.json
Loading submodule modules/allergies/outgrow_food_allergies.json
Loading submodule modules/allergies/severe_allergic_reaction.json
Loading submodule modules/anemia/anemia_sub.json
Loading submodule modules/breast_cancer/chemotherapy_breast.json
Loading submodule modules/breast_cancer/hormone_diagnosis.json
Loading submodule modules/breast_cancer/hormonetherapy_breast.json
Loading submodule modules/breast_cancer/surgery_therapy_breast.json
Loading submodule modules/breast_cancer/tnm_diagnosis.json
Loading submodule modules/contraceptives/clear_contraceptive.json
Loading submodule modules/contraceptives/female_sterilization.json
Loading submodule modules/contraceptives/implant_contraceptive.json
Loading submodule modules/contraceptives/injectable_contraceptive.json
Loading submodule modules/contraceptives/intrauterine_device.json
Loading submodule modules/contraceptives/male_sterilization.json
Loading submodule modules/contraceptives/oral_contraceptive.json
Loading submodule modules/contraceptives/patch_contraceptive.json
Loading submodule modules/contraceptives/ring_contraceptive.json
Loading submodule modules/covid19/admission.json
Loading submodule modules/covid19/determine_risk.json
Loading Lookup Table: covid-19-severity-outcomes.csv
Loading Lookup Table: covid-19-survival-outcomes.csv
Loading submodule modules/covid19/diagnose_bacterial_infection.json
Loading submodule modules/covid19/diagnose_blood_clot.json
Loading submodule modules/covid19/end_outcomes.json
Loading submodule modules/covid19/end_symptoms.json
Loading submodule modules/covid19/infection.json
Loading submodule modules/covid19/measurements_daily.json
Loading submodule modules/covid19/measurements_frequent.json
Loading submodule modules/covid19/measurements_vitals.json
Loading submodule modules/covid19/medications.json
Loading submodule modules/covid19/nonsurvivor_lab_values.json
Loading submodule modules/covid19/outcomes.json
Loading submodule modules/covid19/supplies_hospitalization.json
Loading submodule modules/covid19/supplies_icu.json
Loading submodule modules/covid19/supplies_intubation.json
Loading submodule modules/covid19/survivor_lab_values.json
Loading submodule modules/covid19/symptoms.json
Loading submodule modules/covid19/treat_blood_clot.json
Loading submodule modules/dermatitis/early_moderate_eczema_obs.json
Loading submodule modules/dermatitis/early_severe_eczema_obs.json
Loading submodule modules/dermatitis/mid_moderate_eczema_obs.json
Loading submodule modules/dermatitis/mid_severe_eczema_obs.json
Loading submodule modules/dermatitis/moderate_cd_obs.json
Loading submodule modules/dermatitis/severe_cd_obs.json
Loading submodule modules/dme/wheelchair.json
Loading submodule modules/dme/wheelchair_end.json
Loading submodule modules/encounter/anxiety_screening.json
Loading submodule modules/encounter/depression_screening.json
Loading submodule modules/encounter/fall_risk_screening.json
Loading submodule modules/encounter/hark_screening.json
Loading submodule modules/encounter/hospital_basic_labs.json
Loading submodule modules/encounter/sdoh_hrsn.json
Loading submodule modules/encounter/substance_use_screening.json
Loading submodule modules/encounter/vitals.json
Loading submodule modules/eye/intraocular_pressure.json
Loading submodule modules/eye/ophthalmic_progression.json
Loading submodule modules/eye/ophthalmic_tomography.json
Loading submodule modules/eye/visual_acuity.json
Loading submodule modules/heart/acs_anticoagulant.json
Loading submodule modules/heart/acs_antiplatelet.json
Loading submodule modules/heart/acs_arrival_medications.json
Loading submodule modules/heart/acs_discharge_meds.json
Loading submodule modules/heart/avrr/antithrombotic.json
Loading submodule modules/heart/avrr/avrr_referral.json
Loading submodule modules/heart/avrr/intraop_meds_blood.json
Loading submodule modules/heart/avrr/outcomes.json
Loading submodule modules/heart/avrr/preoperative.json
Loading submodule modules/heart/avrr/savrr_operation.json
Loading submodule modules/heart/avrr/savrr_postop.json
Loading submodule modules/heart/avrr/sequence.json
Loading submodule modules/heart/cabg/cabg_referral.json
Loading submodule modules/heart/cabg/details.json
Loading Lookup Table: cabg_details_operative_approach.csv
Loading Lookup Table: cabg_details_num_grafts.csv
Loading Lookup Table: cabg_details_num_art_cond.csv
Loading submodule modules/heart/cabg/icu_meds_devices.json
Loading submodule modules/heart/cabg/labs_common.json
Loading submodule modules/heart/cabg/operation.json
Loading submodule modules/heart/cabg/or_intraop.json
Loading submodule modules/heart/cabg/or_labs_meds.json
Loading submodule modules/heart/cabg/outcomes.json
Loading submodule modules/heart/cabg/postop.json
Loading submodule modules/heart/cabg/postop_blood.json
Loading submodule modules/heart/cabg/preoperative.json
Loading submodule modules/heart/cabg_sequence.json
Loading submodule modules/heart/cardiac_labs.json
Loading submodule modules/heart/chf_lab_work.json
Loading submodule modules/heart/chf_lvad.json
Loading submodule modules/heart/chf_meds.json
Loading submodule modules/heart/chf_meds_hfmef.json
Loading submodule modules/heart/chf_meds_hfref_nyha2.json
Loading submodule modules/heart/chf_meds_hfref_nyha3.json
Loading submodule modules/heart/chf_meds_hfref_nyha4.json
Loading submodule modules/heart/chf_nyha_panel.json
Loading submodule modules/heart/chf_transplant.json
Loading submodule modules/heart/nsteacs_pathway.json
Loading submodule modules/heart/operative_status.json
Loading submodule modules/heart/or_blood.json
Loading Lookup Table: or_blood_anemia_check.csv
Loading Lookup Table: or_blood_platelet_check.csv
Loading Lookup Table: or_blood_plasma_check.csv
Loading submodule modules/heart/savrepair/operative_status.json
Loading submodule modules/heart/savreplace/operative_status.json
Loading submodule modules/heart/stemi_fibrinolytic.json
Loading submodule modules/heart/stemi_pathway.json
Loading submodule modules/heart/tavr/alt_access.json
Loading submodule modules/heart/tavr/operation.json
Loading submodule modules/heart/tavr/operative_status.json
Loading submodule modules/heart/tavr/outcomes.json
Loading submodule modules/heart/tavr/postop.json
Loading submodule modules/heart/vhd_risks.json
Loading submodule modules/hiv/art_sequence.json
Loading submodule modules/hiv/art_sequence_1987_1994.json
Loading submodule modules/hiv/art_sequence_1995_1996.json
Loading submodule modules/hiv/art_sequence_1997_2002.json
Loading submodule modules/hiv/art_sequence_2003_2005.json
Loading submodule modules/hiv/art_sequence_2006_2014.json
Loading submodule modules/hiv/art_sequence_2015.json
Loading submodule modules/hiv/hiv_baseline.json
Loading submodule modules/hiv/hiv_cd4.json
Loading Lookup Table: hiv_stage.csv
Loading submodule modules/hiv/hiv_oi_prophylaxis.json
Loading submodule modules/hiv/hiv_screening.json
Loading submodule modules/hiv/hiv_viral_load.json
Loading submodule modules/hiv/stop_all_art_meds.json
Loading submodule modules/injuries/broken_jaw.json
Loading submodule modules/lung_cancer/lung_cancer_probabilities.json
Loading submodule modules/medications/ace_arb.json
Loading Lookup Table: ace_arb_ingredient_distribution.csv
Loading Lookup Table: ace_arb_amlodipine_benazepril_product_distribution.csv
Loading Lookup Table: ace_arb_benazepril_product_distribution.csv
Loading Lookup Table: ace_arb_benazepril_hydrochlorothiazide_product_distribution.csv
Loading Lookup Table: ace_arb_enalapril_product_distribution.csv
Loading Lookup Table: ace_arb_hydrochlorothiazide_lisinopril_product_distribution.csv
Loading Lookup Table: ace_arb_hydrochlorothiazide_losartan_product_distribution.csv
Loading Lookup Table: ace_arb_hydrochlorothiazide_valsartan_product_distribution.csv
Loading Lookup Table: ace_arb_irbesartan_product_distribution.csv
Loading Lookup Table: ace_arb_lisinopril_product_distribution.csv
Loading Lookup Table: ace_arb_losartan_product_distribution.csv
Loading Lookup Table: ace_arb_quinapril_product_distribution.csv
Loading Lookup Table: ace_arb_ramipril_product_distribution.csv
Loading Lookup Table: ace_arb_sacubitril_valsartan_product_distribution.csv
Loading Lookup Table: ace_arb_telmisartan_product_distribution.csv
Loading Lookup Table: ace_arb_valsartan_product_distribution.csv
Loading submodule modules/medications/beta_blocker.json
Loading Lookup Table: beta_blocker_ingredient_distribution.csv
Loading Lookup Table: beta_blocker_atenolol_product_distribution.csv
Loading Lookup Table: beta_blocker_bisoprolol_product_distribution.csv
Loading Lookup Table: beta_blocker_bisoprolol_hydrochlorothiazide_product_distribution.csv
Loading Lookup Table: beta_blocker_carvedilol_product_distribution.csv
Loading Lookup Table: beta_blocker_labetalol_product_distribution.csv
Loading Lookup Table: beta_blocker_metoprolol_product_distribution.csv
Loading Lookup Table: beta_blocker_nebivolol_product_distribution.csv
Loading Lookup Table: beta_blocker_propranolol_product_distribution.csv
Loading submodule modules/medications/ear_infection_antibiotic.json
Loading submodule modules/medications/emergency_inhaler.json
Loading Lookup Table: emergency_inhaler_ingredient_distribution.csv
Loading Lookup Table: emergency_inhaler_albuterol_product_distribution.csv
Loading Lookup Table: emergency_inhaler_levalbuterol_product_distribution.csv
Loading submodule modules/medications/hypertension_medication.json
Loading submodule modules/medications/maintenance_inhaler.json
Loading Lookup Table: maintenance_inhaler_ingredient_distribution.csv
Loading Lookup Table: maintenance_inhaler_beclomethasone_product_distribution.csv
Loading Lookup Table: maintenance_inhaler_budesonide_product_distribution.csv
Loading Lookup Table: maintenance_inhaler_fluticasone_product_distribution.csv
Loading Lookup Table: maintenance_inhaler_mometasone_product_distribution.csv
Loading submodule modules/medications/moderate_opioid_pain_reliever.json
Loading submodule modules/medications/otc_antihistamine.json
Loading submodule modules/medications/otc_pain_reliever.json
Loading submodule modules/medications/statin.json
Loading Lookup Table: statin_ingredient_distribution.csv
Loading Lookup Table: statin_atorvastatin_product_distribution.csv
Loading Lookup Table: statin_ezetimibe_simvastatin_product_distribution.csv
Loading Lookup Table: statin_lovastatin_product_distribution.csv
Loading Lookup Table: statin_pitavastatin_product_distribution.csv
Loading Lookup Table: statin_pravastatin_product_distribution.csv
Loading Lookup Table: statin_rosuvastatin_product_distribution.csv
Loading Lookup Table: statin_simvastatin_product_distribution.csv
Loading submodule modules/medications/strong_opioid_pain_reliever.json
Loading submodule modules/metabolic_syndrome/amputations.json
Loading submodule modules/metabolic_syndrome/diabetic_retinopathy_diagnoses.json
Loading submodule modules/metabolic_syndrome/diabetic_retinopathy_progression.json
Loading submodule modules/metabolic_syndrome/dme_supplies.json
Loading submodule modules/metabolic_syndrome/kidney_conditions.json
Loading submodule modules/metabolic_syndrome/medications.json
Loading submodule modules/snf/skilled_nursing_facility.json
Loading submodule modules/surgery/general_anesthesia.json
Loading submodule modules/total_joint_replacement/functional_status_assessments.json
Loading submodule modules/uti/abx_tx.json
Loading submodule modules/uti/ambulatory_eval.json
Loading submodule modules/uti/ambulatory_path.json
Loading submodule modules/uti/ed_bundle.json
Loading submodule modules/uti/ed_eval.json
Loading submodule modules/uti/ed_path.json
Loading submodule modules/uti/gu_pregnancy_check.json
Loading submodule modules/uti/hpi.json
Loading submodule modules/uti/lab_follow_up.json
Loading submodule modules/uti/labs.json
Loading submodule modules/uti/telemed_path.json
Loading submodule modules/veterans/veteran_suicide_probabilities.json
Loading submodule modules/weight_loss/mend_week.json
Loading module modules/hypertension.json
Running with options:
Population: 100
Seed: 42
Provider Seed:1784277821266
Reference Time: 1784277821266
Location: Massachusetts
Min Age: 0
Max Age: 140
Modules: Hypertension Module
       > [1 loaded]
2 -- Wilfredo622 Fritsch593 (15 y/o M) Whitman, Massachusetts  (16698)
8 -- Lindsay928 Zieme486 (19 y/o F) Worcester, Massachusetts  (20144)
7 -- Wallace647 Effertz744 (16 y/o M) Revere, Massachusetts  (17866)
3 -- Ezekiel373 Walter473 (27 y/o M) Watertown, Massachusetts  (29239)
4 -- Shalanda398 Kelsie51 Schmeler639 (30 y/o F) Lowell, Massachusetts  (31938)
9 -- Jody426 Hickle134 (8 y/o M) Newburyport, Massachusetts  (9078)
11 -- Larissa293 Jackeline690 Block661 (31 y/o F) Haverhill, Massachusetts  (33292)
5 -- Jona712 Bonnie873 Bins636 (67 y/o F) Peabody, Massachusetts  (71514)
6 -- Tennille443 Denna536 Doyle959 (66 y/o F) Arlington, Massachusetts  (70155)
15 -- Mauro926 Braun514 (6 y/o M) Quincy, Massachusetts  (7067)
12 -- Clarinda196 Serena400 Skiles927 (45 y/o F) Burlington, Massachusetts  (48056)
18 -- Eunice461 Fay398 (17 y/o F) Boston, Massachusetts  (18274)
1 -- Corie618 Jast432 (101 y/o F) Franklin, Massachusetts  (107214)
21 -- Sharyn437 Hagenes547 (3 y/o F) Milford, Massachusetts  (3349)
13 -- Rosario163 Ortiz186 (81 y/o M) Needham, Massachusetts  (85913)
14 -- Angel97 Rocio28 Lockman863 (50 y/o F) Fall River, Massachusetts  (53578)
10 -- Cristobal567 Montero62 (79 y/o M) Saugus, Massachusetts  (83611)
23 -- Marcell728 Hammes673 (10 y/o F) Boston, Massachusetts  (11012)
19 -- Eliseo499 Nader710 (52 y/o M) Revere, Massachusetts  (55873)
27 -- Ivan258 Goodwin327 (0 y/o M) Boston, Massachusetts  (499)
20 -- Paul232 Tremblay80 (48 y/o M) Whitman, Massachusetts  (51603)
16 -- Dwana281 Zora492 Keeling57 (39 y/o F) Lowell, Massachusetts  (42199)
24 -- Jonathan639 Carroll471 (39 y/o M) Fall River, Massachusetts  (41712)
22 -- Agnes294 Laree109 Douglas31 (39 y/o F) Grafton, Massachusetts  (41900)
17 -- Jody426 Monahan736 (83 y/o M) Stoneham, Massachusetts  (87639)
31 -- Ressie457 Nader710 (25 y/o F) Attleboro, Massachusetts  (26540)
26 -- Faustino767 Langworth352 (28 y/o M) Boston, Massachusetts  (30031)
30 -- Renaldo199 Crist667 (33 y/o M) Needham, Massachusetts  (35573)
34 -- Lavette209 Kozey370 (16 y/o F) Somerville, Massachusetts  (17706)
28 -- Lyman173 Runte676 (61 y/o M) Yarmouth, Massachusetts  (64538)
32 -- Marvin195 Weissnat378 (20 y/o M) Lawrence, Massachusetts  (21940)
29 -- Roxann426 Gleason633 (40 y/o F) Mansfield, Massachusetts  (42239)
33 -- Wayne846 McLaughlin530 (20 y/o M) Cambridge, Massachusetts  (21542)
39 -- Tamie596 Herzog843 (1 y/o F) Chicopee, Massachusetts  (1805)
38 -- Carey440 Mraz590 (13 y/o M) Lunenburg, Massachusetts  (14163)
37 -- Edmond919 Ferry570 (15 y/o M) Arlington, Massachusetts  (16487)
40 -- Evette961 Farrell962 (13 y/o F) Malden, Massachusetts  (14440)
25 -- Chester802 Aufderhar910 (59 y/o M) Wareham, Massachusetts  (63307)
35 -- Tanner110 Mitchell808 (64 y/o M) Amesbury, Massachusetts  (68356)
36 -- Rosalba160 White193 (53 y/o F) Easthampton, Massachusetts  (55852)
42 -- Tristan353 Reichel38 (44 y/o M) Burlington, Massachusetts  (46573)
43 -- Jesse626 Wolf938 (16 y/o M) Chelmsford, Massachusetts  (17518)
45 -- Hiram237 Batz141 (13 y/o M) Upton, Massachusetts  (14487)
41 -- Mignon230 Schneider199 (56 y/o F) Boston, Massachusetts  (59584)
46 -- Demarcus108 Jones311 (17 y/o M) Groveland, Massachusetts  (18570)
48 -- Aron520 Hammes673 (23 y/o M) Williamstown, Massachusetts  (25551)
50 -- Dian810 Kiehn525 (14 y/o F) Fall River, Massachusetts  (15704)
44 -- Jessica140 Susannah249 Herman763 (61 y/o F) Rockland, Massachusetts  (64516)
52 -- Mariela993 Abernathy524 (10 y/o F) Weymouth, Massachusetts  (11393)
49 -- Donnetta255 Alexandria361 Davis923 (39 y/o F) Newbury, Massachusetts  (42077)
51 -- Pamela954 Thompson596 (27 y/o F) Marblehead, Massachusetts  (29654)
47 -- Lena684 Charlott617 Schaden604 (61 y/o F) Stoneham, Massachusetts  (65341)
60 -- Lakesha141 Koepp521 (13 y/o F) Worcester, Massachusetts  (14306)
58 -- Blake449 Konopelski743 (13 y/o F) Boston, Massachusetts  (14703)
55 -- Laraine204 Jaskolski867 (19 y/o F) Medford, Massachusetts  (20506)
54 -- Yuk263 Agripina633 Aufderhar910 (37 y/o F) Dedham, Massachusetts  (39842)
53 -- Hans694 Bogisich202 (39 y/o M) Springfield, Massachusetts  (41829)
59 -- Riley817 Spinka232 (41 y/o M) Tewksbury, Massachusetts  (43821)
65 -- Dawn804 Jenkins714 (17 y/o F) Belmont, Massachusetts  (18474)
61 -- Rod343 Grimes165 (31 y/o M) Springfield, Massachusetts  (33514)
56 -- Loyd638 Tromp100 (42 y/o M) Amherst, Massachusetts  (44478)
57 -- Dallas143 Jacobi462 (50 y/o M) Lincoln, Massachusetts  (53327)
62 -- Adela471 Romero158 (22 y/o F) Boston, Massachusetts  (23671)
63 -- Krysta658 Barrows492 (22 y/o F) Boston, Massachusetts  (23216)
64 -- Letty680 Predovic534 (27 y/o F) Boston, Massachusetts  (29756)
67 -- Gerda633 Trantow673 (26 y/o F) Hudson, Massachusetts  (27503)
66 -- Alethia102 Beatris270 McGlynn426 (43 y/o F) Fall River, Massachusetts  (45859)
73 -- Kizzie166 Collins926 (9 y/o F) Tewksbury, Massachusetts  (9944)
68 -- Santa373 Gerlach374 (54 y/o F) Lexington, Massachusetts  (57845)
74 -- Lavina533 Hartmann983 (17 y/o F) Newton, Massachusetts  (18134)
71 -- Kerry175 Dickens475 (23 y/o F) Cambridge, Massachusetts  (25013)
69 -- Pok428 Kerrie266 Runolfsdottir785 (39 y/o F) Brockton, Massachusetts  (41990)
76 -- Junior695 Cremin516 (20 y/o M) Yarmouth, Massachusetts  (21848)
70 -- Sabra779 Hermann103 (53 y/o F) Bourne, Massachusetts  (56759)
72 -- Dong972 Borer986 (58 y/o M) Northbridge, Massachusetts  (62154)
78 -- Teri144 Hilpert278 (18 y/o F) Waltham, Massachusetts  (19621)
80 -- Sharyn437 VonRueden376 (16 y/o F) Marlborough, Massachusetts  (17222)
79 -- Stuart913 Price929 (22 y/o M) Worcester, Massachusetts  (23874)
75 -- Rosario163 Runolfsson901 (50 y/o M) Milton, Massachusetts  (52791)
81 -- Alejandrina481 Wisoky380 (32 y/o F) Boston, Massachusetts  (34016)
88 -- Galen747 Koelpin146 (8 y/o M) Quincy, Massachusetts  (9009)
77 -- Caleb651 Wiza601 (45 y/o M) Agawam, Massachusetts  (48005)
83 -- Peggie783 Wiza601 (34 y/o F) West Springfield, Massachusetts  (36615)
84 -- Zina602 Joyce806 Robel940 (64 y/o F) Springfield, Massachusetts  (68095)
91 -- Randal152 Gusikowski974 (3 y/o M) Agawam, Massachusetts  (3997)
85 -- Xavier983 VonRueden376 (69 y/o M) Yarmouth, Massachusetts  (74113)
82 -- Hai304 Marvin195 (74 y/o M) Peabody, Massachusetts  (79015)
89 -- Jammie261 Madge238 Stoltenberg489 (40 y/o F) Boston, Massachusetts  (42428)
93 -- Ivory697 Miller503 (14 y/o M) Westfield, Massachusetts  (15055)
97 -- Talitha643 Bergnaum523 (1 y/o F) Cambridge, Massachusetts  (1988)
87 -- Katherine209 Lieselotte680 Prohaska837 (61 y/o F) Rockland, Massachusetts  (64752)
98 -- Jefferson174 Dach178 (9 y/o M) Bridgewater, Massachusetts  (9867)
99 -- Kenneth671 Ritchie586 (8 y/o M) Saugus, Massachusetts  (9218)
86 -- Genoveva361 Lilliam592 Bernhard322 (72 y/o F) Plympton, Massachusetts  (76071)
90 -- Joesph309 Blanda868 (56 y/o M) Lynn, Massachusetts  (59728)
92 -- Rosella686 Parker433 (84 y/o F) Wakefield, Massachusetts  (88647)
94 -- Martín25 Cervántez278 (62 y/o M) Boston, Massachusetts  (65997)
96 -- Bradly656 Zemlak964 (34 y/o M) Boston, Massachusetts  (36843)
95 -- Lois157 Breitenberg711 (63 y/o F) Winthrop, Massachusetts  (66430)
100 -- Rubie803 Angle307 Schulist381 (45 y/o F) Everett, Massachusetts  (47907)
Records: total=100, alive=100, dead=0
RNG=100
Clinician RNG=5641

[32mYou've just generated 100 patients![0m We're happy to know Synthea is helping you with your project.
Like what we're doing? Synthea is an open-source project, and your support helps us keep building.
Please consider [34m]8;;https://github.com/sponsors/synthetichealthmaking a donation]8;;[0m (https://github.com/sponsors/synthetichealth).


BUILD SUCCESSFUL in 4s
4 actionable tasks: 2 executed, 2 up-to-date
Consider enabling configuration cache to speed up this build: https://docs.gradle.org/9.2.1/userguide/configuration_cache_enabling.html
